FF                                                                       [100%]
================================== FAILURES ===================================
_______ test_direct_launcher_retains_runner_handle_without_python_shim ________

tmp_path = WindowsPath('C:/Users/14709/AppData/Local/Temp/pan-remaining-parent-proof/test_direct_launcher_retains_r0')
monkeypatch = <_pytest.monkeypatch.MonkeyPatch object at 0x0000018BEE9D5810>

    def test_direct_launcher_retains_runner_handle_without_python_shim(tmp_path, monkeypatch):
        process = _FakeProcess()
        service = _make_service(tmp_path, process=process)
        service._spawn_launcher_impl = None
        monkeypatch.setattr(service, "_spawn", lambda state, **kw: process)
        retained = []
        monkeypatch.setattr(service, "_retain_runner_identity_handle", lambda state: retained.append(
            (state.spawn_pid, state.runner_pid, state.runner_filetime)))
        tid = service.create()["terminal_id"]
        state = service._states[tid]
        try:
            assert state.spawn_pid == state.runner_pid
>           assert retained == [(state.spawn_pid, state.runner_pid, state.runner_filetime)]
E           assert [] == [(40001, 4000...000000000001)]
E             
E             Right contains one more item: (40001, 40001, 133400000000000001)
E             Use -v to get more diff

tests\test_terminal_service.py:717: AssertionError
_____ test_close_waits_for_late_engine_and_exit_proofs_without_resending ______

tmp_path = WindowsPath('C:/Users/14709/AppData/Local/Temp/pan-remaining-parent-proof/test_close_waits_for_late_engi0')
monkeypatch = <_pytest.monkeypatch.MonkeyPatch object at 0x0000018BEE9D5350>

    def test_close_waits_for_late_engine_and_exit_proofs_without_resending(tmp_path, monkeypatch):
        process = _FakeProcess()
        client = _FakeClient("term_late_proof", client_id="c", close_status="exited")
        service = _make_service(tmp_path, clients={"primary": client}, process=process,
                                heartbeat_interval=5.0, stop_confirm=0.5)
        tid = service.create()["terminal_id"]
        state = service._states[tid]
        observed = threading.Event()
        real_status = service._launcher_status_evidence
    
        def status(owner):
            result = real_status(owner)
            observed.set()
            return result
    
        monkeypatch.setattr(service, "_launcher_status_evidence", status)
    
        def finish():
            assert observed.wait(1)
            assert service._store().deleted == []
            _converged_launcher_status(service.root, tid, state.runner_pid, state.runner_filetime)
            process.exit(0)
    
        worker = threading.Thread(target=finish)
        worker.start()
        try:
>           assert service.close(tid)["status"] == "exited"
                   ^^^^^^^^^^^^^^^^^^

tests\test_terminal_service.py:749: 
_ _ _ _ _ _ _ _ _ _ _ _ _ _ _ _ _ _ _ _ _ _ _ _ _ _ _ _ _ _ _ _ _ _ _ _ _ _ _ _

self = <packages.core.terminal.service.TerminalService object at 0x0000018BEE9EB750>
terminal_id = 'term_8d6c273c40634fa0', reason = 'explicit-close'

    def close(
        self,
        terminal_id: str,
        *,
        reason: str = EXIT_REASON_EXPLICIT_CLOSE,
    ) -> dict[str, Any]:
        """显式关闭：先记 CLOSING，再停 runner，等**真实收尾确认**。
    
        三项证明齐备才记 ``exited`` 并删除秘密：
        ① runner 侧收尾确认（stop 响应 ``exited``）；② launcher 引擎收尾
        （launcher-status ``engine.cleanup.converged`` 为真 bool）；③ **经身份核验的
        进程退出**（我们**自己派生**的 launcher 句柄）。
    
        任一项缺失 → 停在 ``EXITING``/``CLEANUP_FAILED`` + **静态分类** reason
        （``F10``：区分缺哪一项证明），**保留** owner/record/secret 可重试；
        **不**用 ``caller_responsible`` 绕过。``budget`` 覆盖取锁与全部等待。
        """
        state = self._require_state(terminal_id)
        report = self._close_state(state, reason=reason, budget=self.stop_confirm, fresh_retry=True)
        if report["status"] == "exited":
            return self._view(self._registry.get(terminal_id))
        # F10：reason 用 close-outcome 的**内部静态分类**，而非调用方传入值，
        # 让调用方能据reason 判断"该重试"还是"该升级处置"。
>       raise CleanupUnconfirmed(
            str(report.get("missing") or report.get("reason") or "cleanup-unconfirmed"),
            error_type=report.get("error_type"),
        )
E       packages.core.terminal.service.CleanupUnconfirmed: engine-cleanup-unproven

packages\core\terminal\service.py:1535: CleanupUnconfirmed
=========================== short test summary info ===========================
FAILED tests/test_terminal_service.py::test_direct_launcher_retains_runner_handle_without_python_shim
FAILED tests/test_terminal_service.py::test_close_waits_for_late_engine_and_exit_proofs_without_resending
2 failed in 0.20s
