============================= test session starts =============================
platform win32 -- Python 3.12.12, pytest-9.1.1, pluggy-1.6.0 -- E:\software\miniforge\python.exe
cachedir: .pytest_cache
rootdir: D:\project\pan-worktrees\terminal-emulator-implement-20261003
configfile: pytest.ini
plugins: anyio-4.14.2, timeout-2.4.0
timeout: 300.0s
timeout method: thread
timeout func_only: False
collecting ... collected 28 items

tests/test_terminal_emulator.py::test_construct_ready_identity_and_close PASSED [  3%]
tests/test_terminal_emulator.py::test_start_cursor_beyond_53_bits_travels_as_string PASSED [  7%]
tests/test_terminal_emulator.py::test_missing_node_binary_is_unavailable PASSED [ 10%]
tests/test_terminal_emulator.py::test_missing_sidecar_script_is_unavailable PASSED [ 14%]
tests/test_terminal_emulator.py::test_frame_helpers_reject_oversize_and_truncation PASSED [ 17%]
tests/test_terminal_emulator.py::test_main_screen_matrix_and_recovery PASSED [ 21%]
tests/test_terminal_emulator.py::test_alternate_screen_matrix_and_recovery PASSED [ 25%]
tests/test_terminal_emulator.py::test_split_utf8_1_4_rest_matches_continuous PASSED [ 28%]
tests/test_terminal_emulator.py::test_holdback_split_csi_and_protocol_a_recovery PASSED [ 32%]
tests/test_terminal_emulator.py::test_holdback_split_osc_degrades_partial_and_recovers PASSED [ 35%]
tests/test_terminal_emulator.py::test_snapshot_cursor_excludes_pending_tail PASSED [ 39%]
tests/test_terminal_emulator.py::test_resize_queue_ordering_matches_reference PASSED [ 42%]
tests/test_terminal_emulator.py::test_browserless_large_output_and_log_cursor_eviction PASSED [ 46%]
tests/test_terminal_emulator.py::test_snapshot_cursor_is_applied_not_producer_frontier PASSED [ 50%]
tests/test_terminal_emulator.py::test_expired_control_never_executes_late PASSED [ 53%]
tests/test_terminal_emulator.py::test_feed_enqueue_never_waits_for_node PASSED [ 57%]
tests/test_terminal_emulator.py::test_feed_overflow_is_sticky_degraded_and_bounded PASSED [ 60%]
tests/test_terminal_emulator.py::test_control_queue_overflow_is_visible PASSED [ 64%]
tests/test_terminal_emulator.py::test_unknown_sequence_after_event_saturation_is_detected PASSED [ 67%]
tests/test_terminal_emulator.py::test_engine_op_error_is_sticky_degraded PASSED [ 71%]
tests/test_terminal_emulator.py::test_reset_baseline_uses_execution_position_not_future_frontier PASSED [ 75%]
tests/test_terminal_emulator.py::test_reset_clears_old_gap_and_never_fakes_full PASSED [ 78%]
tests/test_terminal_emulator.py::test_duplicate_feed_bytes_not_double_consumed PASSED [ 82%]
tests/test_terminal_emulator.py::test_sidecar_crash_is_visible_and_close_converges PASSED [ 85%]
tests/test_terminal_emulator.py::test_close_failure_retains_resources_then_retry_converges PASSED [ 89%]
tests/test_terminal_emulator.py::test_guard_close_failure_is_retryable PASSED [ 92%]
tests/test_terminal_emulator.py::test_runner_hard_death_kills_sidecar_via_job PASSED [ 96%]
tests/test_terminal_emulator.py::test_no_process_leaks_after_close PASSED [100%]

============================= 28 passed in 35.76s =============================
