{"argv": ["node", "node_modules/typescript/bin/tsc", "-b"], "exit_code": 0, "seconds": 9.298}
vite v6.4.3 building for production...
transforming...
✓ 2457 modules transformed.
rendering chunks...
computing gzip size...
../dist/index.html                                 0.68 kB │ gzip:   0.39 kB
../dist/assets/MarkdownRenderer-BEHUn5zE.css       1.32 kB │ gzip:   0.61 kB
../dist/assets/TerminalPanel-6GBZ9nXN.css          5.24 kB │ gzip:   1.92 kB
../dist/assets/index-BDcqt49m.css                 93.64 kB │ gzip:  16.75 kB
../dist/assets/check-DH5hP5lx.js                   0.34 kB │ gzip:   0.28 kB │ map:     0.86 kB
../dist/assets/arrow-left-DtjCkZEE.js              0.39 kB │ gzip:   0.30 kB │ map:     0.99 kB
../dist/assets/copy-DWYE-c-n.js                    0.45 kB │ gzip:   0.34 kB │ map:     1.10 kB
../dist/assets/download-BsyTvflc.js                0.45 kB │ gzip:   0.33 kB │ map:     1.12 kB
../dist/assets/file-DtfktU7O.js                    0.49 kB │ gzip:   0.35 kB │ map:     1.10 kB
../dist/assets/useSessionWorkspace-JK-agrfK.js     0.49 kB │ gzip:   0.32 kB │ map:     2.35 kB
../dist/assets/clipboard-Bka3b3-h.js               0.61 kB │ gzip:   0.39 kB │ map:     2.05 kB
../dist/assets/play-DALQLQOb.js                    0.74 kB │ gzip:   0.40 kB │ map:     1.93 kB
../dist/assets/FreshnessStatus-B0NFHoGS.js         1.20 kB │ gzip:   0.65 kB │ map:     3.59 kB
../dist/assets/ManageView-S5WiHNbI.js              1.64 kB │ gzip:   0.85 kB │ map:     4.81 kB
../dist/assets/DetailPanel-DiXpO2XY.js             2.53 kB │ gzip:   1.15 kB │ map:     6.71 kB
../dist/assets/CodeEditor-gLYqueAy.js              2.54 kB │ gzip:   1.25 kB │ map:     8.09 kB
../dist/assets/codexRateLimits-D0VsjuO0.js         2.75 kB │ gzip:   1.14 kB │ map:    11.09 kB
../dist/assets/DirectoryInput-CwW1rJTD.js          5.12 kB │ gzip:   1.95 kB │ map:    18.33 kB
../dist/assets/JobRetentionSettings-CsPwjPKC.js    6.61 kB │ gzip:   2.53 kB │ map:    17.94 kB
../dist/assets/PostboxModal-DKvPZtxM.js           10.18 kB │ gzip:   3.56 kB │ map:    35.18 kB
../dist/assets/GlobalHistorySearch-00b5ttzg.js    10.87 kB │ gzip:   3.75 kB │ map:    40.23 kB
../dist/assets/EditorDirectoryRoots-U6f9o8HZ.js   11.91 kB │ gzip:   4.31 kB │ map:    37.79 kB
../dist/assets/SessionDetailsModal-9t_igFSq.js    12.84 kB │ gzip:   4.38 kB │ map:    43.63 kB
../dist/assets/EditorView-C5kpH013.js             13.19 kB │ gzip:   4.54 kB │ map:    38.11 kB
../dist/assets/SessionHistorySearch-8hf5gyty.js   13.80 kB │ gzip:   5.01 kB │ map:    44.22 kB
../dist/assets/monaco-vendor-CcV3gMxX.js          14.96 kB │ gzip:   5.17 kB │ map:    48.03 kB
../dist/assets/ImportModal-Ntho_mfH.js            16.03 kB │ gzip:   3.87 kB │ map:    58.42 kB
../dist/assets/ManageModal-DSbCYKzL.js            27.17 kB │ gzip:   7.59 kB │ map:    92.16 kB
../dist/assets/NewSessionModal-D2HdB_DH.js        27.76 kB │ gzip:   7.86 kB │ map:    84.53 kB
../dist/assets/MarkdownRenderer-C5uDzlED.js       38.87 kB │ gzip:  12.80 kB │ map:   144.38 kB
../dist/assets/AppSettingsModal-0aHqkUSB.js       69.53 kB │ gzip:  17.98 kB │ map:   193.32 kB
../dist/assets/JobsView-CLPqfJwE.js               83.92 kB │ gzip:  21.26 kB │ map:   265.57 kB
../dist/assets/ChatView-BpLnehR5.js              199.39 kB │ gzip:  59.29 kB │ map:   793.00 kB
../dist/assets/react-vendor-CGvC2m8d.js          286.73 kB │ gzip:  91.79 kB │ map: 1,474.92 kB
../dist/assets/index-BPDr7s3_-pc2.js             326.01 kB │ gzip:  93.65 kB │ map: 1,310.72 kB
../dist/assets/TerminalPanel-2LnNNH3X.js         350.29 kB │ gzip:  90.70 kB │ map:   737.57 kB
../dist/assets/markdown-vendor-BBrFRS3w.js       602.56 kB │ gzip: 181.56 kB │ map: 2,598.33 kB

(!) Some chunks are larger than 500 kB after minification. Consider:
- Using dynamic import() to code-split the application
- Use build.rollupOptions.output.manualChunks to improve chunking: https://rollupjs.org/configuration-options/#output-manualchunks
- Adjust chunk size limit for this warning via build.chunkSizeWarningLimit.
✓ built in 6.01s
{"argv": ["node", "node_modules/vite/bin/vite.js", "build"], "exit_code": 0, "seconds": 6.565}
Verified 56 compressed production assets
{"argv": ["node", "e2e/verify-precompressed-assets.mjs"], "exit_code": 0, "seconds": 0.13}
