{"isolated_dependency_copy": {"files": 14, "local_links": 1319, "seconds": 2.07, "shared_links": 0}}
Copied exact existing xterm versions into isolated dependency tree

D:\project\pan-worktrees\worker-delayed-restart-20261007\packages\web\src\components\chat\SettingsPopover.tsx
  111:6  warning  React Hook useLayoutEffect has a missing dependency: 'updatePopoverPosition'. Either include it or remove the dependency array                                            react-hooks/exhaustive-deps
  122:6  warning  React Hook useEffect has a missing dependency: 'updatePopoverPosition'. Either include it or remove the dependency array                                                  react-hooks/exhaustive-deps
  164:6  warning  React Hook useEffect has missing dependencies: 'session.modelAutoCompactTokenLimit' and 'session.modelContextWindow'. Either include them or remove the dependency array  react-hooks/exhaustive-deps
  210:5  warning  React Hook useCallback has an unnecessary dependency: 'effectiveWorkerId'. Either exclude it or remove the dependency array                                               react-hooks/exhaustive-deps

✖ 4 problems (0 errors, 4 warnings)

{"argv": ["node", "node_modules/eslint/bin/eslint.js", "src/components/chat/SettingsPopover.tsx", "src/components/layout/TopBar.tsx", "src/hooks/useWebSocket.ts", "src/services/api.ts", "src/stores/workerStore.ts", "src/types/index.ts"], "exit_code": 0, "seconds": 1.42}
{"argv": ["node", "node_modules/typescript/bin/tsc", "-b"], "exit_code": 0, "seconds": 10.14}
[36mvite v6.4.3 [32mbuilding for production...[36m[39m
transforming...
[32m✓[39m 2456 modules transformed.
rendering chunks...
computing gzip size...
[2m../dist/[22m[32mindex.html                               [39m[1m[2m  0.68 kB[22m[1m[22m[2m │ gzip:   0.39 kB[22m
[2m../dist/[22m[35massets/MarkdownRenderer-BEHUn5zE.css     [39m[1m[2m  1.32 kB[22m[1m[22m[2m │ gzip:   0.61 kB[22m
[2m../dist/[22m[35massets/TerminalPanel-6GBZ9nXN.css        [39m[1m[2m  5.24 kB[22m[1m[22m[2m │ gzip:   1.92 kB[22m
[2m../dist/[22m[35massets/index-BDcqt49m.css                [39m[1m[2m 93.64 kB[22m[1m[22m[2m │ gzip:  16.75 kB[22m
[2m../dist/[22m[36massets/check-DGeOvIlZ.js                 [39m[1m[2m  0.34 kB[22m[1m[22m[2m │ gzip:   0.28 kB[22m[2m │ map:     0.86 kB[22m
[2m../dist/[22m[36massets/arrow-left-N6tN-Rvz.js            [39m[1m[2m  0.39 kB[22m[1m[22m[2m │ gzip:   0.30 kB[22m[2m │ map:     0.99 kB[22m
[2m../dist/[22m[36massets/copy-BcWF7ICt.js                  [39m[1m[2m  0.45 kB[22m[1m[22m[2m │ gzip:   0.34 kB[22m[2m │ map:     1.10 kB[22m
[2m../dist/[22m[36massets/detailStore-Cjaa2BvK.js           [39m[1m[2m  0.54 kB[22m[1m[22m[2m │ gzip:   0.35 kB[22m[2m │ map:     2.04 kB[22m
[2m../dist/[22m[36massets/clipboard-Bka3b3-h.js             [39m[1m[2m  0.61 kB[22m[1m[22m[2m │ gzip:   0.39 kB[22m[2m │ map:     2.05 kB[22m
[2m../dist/[22m[36massets/play-BRZFX7Mu.js                  [39m[1m[2m  0.74 kB[22m[1m[22m[2m │ gzip:   0.40 kB[22m[2m │ map:     1.93 kB[22m
[2m../dist/[22m[36massets/FreshnessStatus-B0NFHoGS.js       [39m[1m[2m  1.20 kB[22m[1m[22m[2m │ gzip:   0.65 kB[22m[2m │ map:     3.59 kB[22m
[2m../dist/[22m[36massets/ManageView-Dpa6Zrg0.js            [39m[1m[2m  1.64 kB[22m[1m[22m[2m │ gzip:   0.85 kB[22m[2m │ map:     4.81 kB[22m
[2m../dist/[22m[36massets/DetailPanel-CLoMEPny.js           [39m[1m[2m  2.54 kB[22m[1m[22m[2m │ gzip:   1.15 kB[22m[2m │ map:     6.71 kB[22m
[2m../dist/[22m[36massets/codexRateLimits-D0VsjuO0.js       [39m[1m[2m  2.75 kB[22m[1m[22m[2m │ gzip:   1.14 kB[22m[2m │ map:    11.09 kB[22m
[2m../dist/[22m[36massets/JobRetentionSettings-D97rwHJ4.js  [39m[1m[2m  6.61 kB[22m[1m[22m[2m │ gzip:   2.53 kB[22m[2m │ map:    17.94 kB[22m
[2m../dist/[22m[36massets/PostboxModal-DQHw70gR.js          [39m[1m[2m 10.18 kB[22m[1m[22m[2m │ gzip:   3.56 kB[22m[2m │ map:    35.18 kB[22m
[2m../dist/[22m[36massets/GlobalHistorySearch-BOy5Jcb1.js   [39m[1m[2m 10.87 kB[22m[1m[22m[2m │ gzip:   3.75 kB[22m[2m │ map:    40.23 kB[22m
[2m../dist/[22m[36massets/SessionDetailsModal-B-biMXei.js   [39m[1m[2m 12.84 kB[22m[1m[22m[2m │ gzip:   4.38 kB[22m[2m │ map:    43.63 kB[22m
[2m../dist/[22m[36massets/SessionHistorySearch-SH0isgUD.js  [39m[1m[2m 13.80 kB[22m[1m[22m[2m │ gzip:   5.01 kB[22m[2m │ map:    44.22 kB[22m
[2m../dist/[22m[36massets/EditorView-C79HuWWM.js            [39m[1m[2m 14.72 kB[22m[1m[22m[2m │ gzip:   5.16 kB[22m[2m │ map:    46.49 kB[22m
[2m../dist/[22m[36massets/monaco-vendor-CcV3gMxX.js         [39m[1m[2m 14.96 kB[22m[1m[22m[2m │ gzip:   5.17 kB[22m[2m │ map:    48.03 kB[22m
[2m../dist/[22m[36massets/ImportModal-CbLssYJV.js           [39m[1m[2m 16.03 kB[22m[1m[22m[2m │ gzip:   3.87 kB[22m[2m │ map:    58.42 kB[22m
[2m../dist/[22m[36massets/ManageModal-BGsHFAmv.js           [39m[1m[2m 27.17 kB[22m[1m[22m[2m │ gzip:   7.59 kB[22m[2m │ map:    92.16 kB[22m
[2m../dist/[22m[36massets/NewSessionModal-BAeo2KET.js       [39m[1m[2m 27.69 kB[22m[1m[22m[2m │ gzip:   7.82 kB[22m[2m │ map:    84.53 kB[22m
[2m../dist/[22m[36massets/MarkdownRenderer-DjQrZCg_.js      [39m[1m[2m 38.71 kB[22m[1m[22m[2m │ gzip:  12.73 kB[22m[2m │ map:   144.38 kB[22m
[2m../dist/[22m[36massets/AppSettingsModal-DGRhVep1.js      [39m[1m[2m 69.53 kB[22m[1m[22m[2m │ gzip:  17.98 kB[22m[2m │ map:   193.32 kB[22m
[2m../dist/[22m[36massets/JobsView-TWkM7UlG.js              [39m[1m[2m 83.92 kB[22m[1m[22m[2m │ gzip:  21.26 kB[22m[2m │ map:   265.57 kB[22m
[2m../dist/[22m[36massets/ChatView-FwCXAGU-.js              [39m[1m[2m199.33 kB[22m[1m[22m[2m │ gzip:  59.27 kB[22m[2m │ map:   793.00 kB[22m
[2m../dist/[22m[36massets/react-vendor-CGvC2m8d.js          [39m[1m[2m286.73 kB[22m[1m[22m[2m │ gzip:  91.79 kB[22m[2m │ map: 1,474.92 kB[22m
[2m../dist/[22m[36massets/index-V2zS7CE3-pc2.js             [39m[1m[2m342.48 kB[22m[1m[22m[2m │ gzip:  98.06 kB[22m[2m │ map: 1,365.01 kB[22m
[2m../dist/[22m[36massets/TerminalPanel-2LnNNH3X.js         [39m[1m[2m350.29 kB[22m[1m[22m[2m │ gzip:  90.70 kB[22m[2m │ map:   737.57 kB[22m
[2m../dist/[22m[36massets/markdown-vendor-BBrFRS3w.js       [39m[1m[33m602.56 kB[39m[22m[2m │ gzip: 181.56 kB[22m[2m │ map: 2,598.33 kB[22m
[33m
(!) Some chunks are larger than 500 kB after minification. Consider:
- Using dynamic import() to code-split the application
- Use build.rollupOptions.output.manualChunks to improve chunking: https://rollupjs.org/configuration-options/#output-manualchunks
- Adjust chunk size limit for this warning via build.chunkSizeWarningLimit.[39m
[32m✓ built in 7.53s[39m
{"argv": ["node", "node_modules/vite/bin/vite.js", "build"], "exit_code": 0, "seconds": 8.2}
Verified 50 compressed production assets
{"argv": ["node", "e2e/verify-precompressed-assets.mjs"], "exit_code": 0, "seconds": 0.11}
